Added Member To Class: ClassName=Main Member=Component C1 1uF
Added Member To Class: ClassName=Main Member=Component C2 1uF
Added Member To Class: ClassName=Main Member=Component C3 1uF
Added Member To Class: ClassName=Main Member=Component C4 1uF
Added Member To Class: ClassName=Main Member=Component D1 150120SS75000
Added Member To Class: ClassName=Main Member=Component D2 150120SS75000
Added Member To Class: ClassName=Main Member=Component D3 150120SS75000
Added Member To Class: ClassName=Main Member=Component D4 150120BS75000
Added Member To Class: ClassName=Main Member=Component J1 Power Jack
Added Member To Class: ClassName=Main Member=Component P1 DHT22
Added Member To Class: ClassName=Main Member=Component P1 61300211121
Added Member To Class: ClassName=Main Member=Component R1 910O
Added Member To Class: ClassName=Main Member=Component R2 510O
Added Member To Class: ClassName=Main Member=Component R3 330O
Added Member To Class: ClassName=Main Member=Component R4 10kO
Added Member To Class: ClassName=Main Member=Component R5 330O
Added Member To Class: ClassName=Main Member=Component S1 OLED
Added Member To Class: ClassName=Main Member=Component U1 9V->5V
Added Member To Class: ClassName=Main Member=Component U2 ESP32-DEVKITC-32D
Added Member To Class: ClassName=Main Member=Component U3 5V->3V3
